// Vitest Snapshot v1, https://vitest.dev/guide/snapshot.html

exports[`setStateRoot > should throw if no state root exists 1`] = `[NoStateRootExistsError: State root for 0x1111111111111111111111111111111111111111111111111111111111111111 does not exist]`;
