// Vitest Snapshot v1, https://vitest.dev/guide/snapshot.html

exports[`handleTransactionCreation > should handle createTransaction having errors 1`] = `
[
  {
    "_tag": "NoBalanceError",
    "message": "Attempting to create a transaction with an uninitialized account with no balance",
    "name": "NoBalanceError",
  },
]
`;

exports[`handleTransactionCreation > should handle transaction creation 1`] = `"0x1a3e54004085fad191398087b59e055926584d1493696257aff39dd04d5a8fff"`;
