// Bun Snapshot v1, https://goo.gl/fbAQLP

exports[`callProcedure should handle a basic call 1`] = `
{
  "amountSpent": "0x296a6",
  "createdAddresses": [],
  "executionGasUsed": "0xc62",
  "gas": "0x1c964d6",
  "logs": [],
  "rawData": "0x00000000000000000000000000000000000000000000000000000000000000200000000000000000000000000000000000000000000000000000000000000000",
  "selfdestruct": [],
  "totalGasSpent": "0x5eaa",
}
`;

exports[`callProcedure should handle a call with state override 1`] = `
{
  "amountSpent": "0x23e38",
  "executionGasUsed": "0x0",
  "rawData": "0x",
  "totalGasSpent": "0x5208",
}
`;

exports[`callProcedure should handle errors from callHandler 1`] = `
{
  "code": -32000,
  "data": {
    "errors": [
      
"sender doesn't have enough funds to send tx. The upfront cost is: 210000500 and the sender's account (0x4242424242424242424242424242424242424242) only has: 0 -> block number=0 hash=0x63b5bacdb65c8c9d10e77d77d40bda5b4dc010a4f7e02a10bdea21a2b1b0a454 hf=cancun baseFeePerGas=7 txs=0 uncles=0 -> tx type=2 hash=0x66575cf759d7c97e42f103bfc8de6f88f70ea97a785d0c1f558496abf977cae1 nonce=0 value=500 signed=true hf=cancun maxFeePerGas=7 maxPriorityFeePerGas=0)

Docs: https://tevm.sh/reference/tevm/errors/classes/insufficientfundserror/
Version: 1.1.0.next-73

Docs: https://tevm.sh/reference/tevm/errors/classes/insufficientfundserror/
Details: /reference/tevm/errors/classes/insufficientfundserror/
Version: 1.1.0.next-73"
,
    ],
  },
  "message": 
"sender doesn't have enough funds to send tx. The upfront cost is: 210000500 and the sender's account (0x4242424242424242424242424242424242424242) only has: 0 -> block number=0 hash=0x63b5bacdb65c8c9d10e77d77d40bda5b4dc010a4f7e02a10bdea21a2b1b0a454 hf=cancun baseFeePerGas=7 txs=0 uncles=0 -> tx type=2 hash=0x66575cf759d7c97e42f103bfc8de6f88f70ea97a785d0c1f558496abf977cae1 nonce=0 value=500 signed=true hf=cancun maxFeePerGas=7 maxPriorityFeePerGas=0)

Docs: https://tevm.sh/reference/tevm/errors/classes/insufficientfundserror/
Version: 1.1.0.next-73

Docs: https://tevm.sh/reference/tevm/errors/classes/insufficientfundserror/
Details: /reference/tevm/errors/classes/insufficientfundserror/
Version: 1.1.0.next-73"
,
}
`;
