// Vitest Snapshot v1, https://vitest.dev/guide/snapshot.html

exports[`ethEstimateGasJsonRpcProcedure > should estimate gas successfully 1`] = `"0x5208"`;

exports[`ethEstimateGasJsonRpcProcedure > should handle block tag 1`] = `"0x5208"`;

exports[`ethEstimateGasJsonRpcProcedure > should handle errors from callProcedure 1`] = `
{
  "code": -32602,
  "data": {
    "errors": [
      "value must be a hex string

Docs: https://tevm.sh/reference/tevm/errors/classes/invaliddataerror/
Version: 1.1.0.next-73",
    ],
  },
  "message": "value must be a hex string

Docs: https://tevm.sh/reference/tevm/errors/classes/invaliddataerror/
Version: 1.1.0.next-73",
}
`;

exports[`ethEstimateGasJsonRpcProcedure > should handle requests without an id 1`] = `"0x5208"`;
