// Vitest Snapshot v1, https://vitest.dev/guide/snapshot.html

exports[`ethGetBlockByNumberJsonRpcProcedure > should handle invalid block tag 1`] = `
{
  "code": -32602,
  "message": "Invalid block tag invalidTag",
}
`;

exports[`ethGetBlockByNumberJsonRpcProcedure > should handle requests without an id 1`] = `
{
  "baseFeePerGas": "0x7",
  "blobGasUsed": "0x0",
  "difficulty": "0x0",
  "excessBlobGas": "0x0",
  "extraData": "0x",
  "gasLimit": "0x1c9c380",
  "gasUsed": "0x0",
  "hash": "0x[HASH]",
  "logsBloom": "0x00000000000000000000000000000000000000000000000000000000000000000000000000000000000000000000000000000000000000000000000000000000000000000000000000000000000000000000000000000000000000000000000000000000000000000000000000000000000000000000000000000000000000000000000000000000000000000000000000000000000000000000000000000000000000000000000000000000000000000000000000000000000000000000000000000000000000000000000000000000000000000000000000000000000000000000000000000000000000000000000000000000000000000000000000000000",
  "miner": "0x0000000000000000000000000000000000000000",
  "mixHash": "0x0000000000000000000000000000000000000000000000000000000000000000",
  "nonce": "0x0000000000000000",
  "number": "0x1",
  "parentBeaconBlockRoot": "0x0000000000000000000000000000000000000000000000000000000000000000",
  "parentHash": "0x1d230d3c25232b8bb73be506cb871ccb88ec60dfe77b5f58e1794293a0d62534",
  "receiptsRoot": "0x56e81f171bcc55a6ff8345e692c0f86e5b48e01b996cadc001622fb5e363b421",
  "requests": [],
  "requestsRoot": "0x56e81f171bcc55a6ff8345e692c0f86e5b48e01b996cadc001622fb5e363b421",
  "sha3Uncles": "0x1dcc4de8dec75d7aab85b567b6ccd41ad312451b948a7413f0a142fd40d49347",
  "size": "0x65e",
  "stateRoot": "0x[STATE_ROOT]",
  "timestamp": "0x[TIMESTAMP]",
  "totalDifficulty": "0x0",
  "transactions": [],
  "transactionsRoot": "0x56e81f171bcc55a6ff8345e692c0f86e5b48e01b996cadc001622fb5e363b421",
  "uncles": [],
  "withdrawals": [],
  "withdrawalsRoot": "0x56e81f171bcc55a6ff8345e692c0f86e5b48e01b996cadc001622fb5e363b421",
}
`;

exports[`ethGetBlockByNumberJsonRpcProcedure > should include transactions if requested 1`] = `
{
  "baseFeePerGas": "0x7",
  "blobGasUsed": "0x0",
  "difficulty": "0x0",
  "excessBlobGas": "0x0",
  "extraData": "0x",
  "gasLimit": "0x1c9c380",
  "gasUsed": "0x0",
  "hash": "0x[HASH]",
  "logsBloom": "0x00000000000000000000000000000000000000000000000000000000000000000000000000000000000000000000000000000000000000000000000000000000000000000000000000000000000000000000000000000000000000000000000000000000000000000000000000000000000000000000000000000000000000000000000000000000000000000000000000000000000000000000000000000000000000000000000000000000000000000000000000000000000000000000000000000000000000000000000000000000000000000000000000000000000000000000000000000000000000000000000000000000000000000000000000000000",
  "miner": "0x0000000000000000000000000000000000000000",
  "mixHash": "0x0000000000000000000000000000000000000000000000000000000000000000",
  "nonce": "0x0000000000000000",
  "number": "0x1",
  "parentBeaconBlockRoot": "0x0000000000000000000000000000000000000000000000000000000000000000",
  "parentHash": "0x1d230d3c25232b8bb73be506cb871ccb88ec60dfe77b5f58e1794293a0d62534",
  "receiptsRoot": "0x56e81f171bcc55a6ff8345e692c0f86e5b48e01b996cadc001622fb5e363b421",
  "requests": [],
  "requestsRoot": "0x56e81f171bcc55a6ff8345e692c0f86e5b48e01b996cadc001622fb5e363b421",
  "sha3Uncles": "0x1dcc4de8dec75d7aab85b567b6ccd41ad312451b948a7413f0a142fd40d49347",
  "size": "0x65e",
  "stateRoot": "0x[STATE_ROOT]",
  "timestamp": "0x[TIMESTAMP]",
  "totalDifficulty": "0x0",
  "transactions": [],
  "transactionsRoot": "0x56e81f171bcc55a6ff8345e692c0f86e5b48e01b996cadc001622fb5e363b421",
  "uncles": [],
  "withdrawals": [],
  "withdrawalsRoot": "0x56e81f171bcc55a6ff8345e692c0f86e5b48e01b996cadc001622fb5e363b421",
}
`;

exports[`ethGetBlockByNumberJsonRpcProcedure > should return block details by number 1`] = `
{
  "baseFeePerGas": "0x7",
  "blobGasUsed": "0x0",
  "difficulty": "0x0",
  "excessBlobGas": "0x0",
  "extraData": "0x",
  "gasLimit": "0x1c9c380",
  "gasUsed": "0x0",
  "hash": "0x[HASH]",
  "logsBloom": "0x00000000000000000000000000000000000000000000000000000000000000000000000000000000000000000000000000000000000000000000000000000000000000000000000000000000000000000000000000000000000000000000000000000000000000000000000000000000000000000000000000000000000000000000000000000000000000000000000000000000000000000000000000000000000000000000000000000000000000000000000000000000000000000000000000000000000000000000000000000000000000000000000000000000000000000000000000000000000000000000000000000000000000000000000000000000",
  "miner": "0x0000000000000000000000000000000000000000",
  "mixHash": "0x0000000000000000000000000000000000000000000000000000000000000000",
  "nonce": "0x0000000000000000",
  "number": "0x1",
  "parentBeaconBlockRoot": "0x0000000000000000000000000000000000000000000000000000000000000000",
  "parentHash": "0x1d230d3c25232b8bb73be506cb871ccb88ec60dfe77b5f58e1794293a0d62534",
  "receiptsRoot": "0x56e81f171bcc55a6ff8345e692c0f86e5b48e01b996cadc001622fb5e363b421",
  "requests": [],
  "requestsRoot": "0x56e81f171bcc55a6ff8345e692c0f86e5b48e01b996cadc001622fb5e363b421",
  "sha3Uncles": "0x1dcc4de8dec75d7aab85b567b6ccd41ad312451b948a7413f0a142fd40d49347",
  "size": "0x65e",
  "stateRoot": "0x[STATE_ROOT]",
  "timestamp": "0x[TIMESTAMP]",
  "totalDifficulty": "0x0",
  "transactions": [],
  "transactionsRoot": "0x56e81f171bcc55a6ff8345e692c0f86e5b48e01b996cadc001622fb5e363b421",
  "uncles": [],
  "withdrawals": [],
  "withdrawalsRoot": "0x56e81f171bcc55a6ff8345e692c0f86e5b48e01b996cadc001622fb5e363b421",
}
`;
