// Vitest Snapshot v1, https://vitest.dev/guide/snapshot.html

exports[`gasPriceProcedure > should handle requests without an id 1`] = `"0x3b9aca00"`;

exports[`gasPriceProcedure > should return the current gas price 1`] = `"0x3b9aca00"`;
