// Bun Snapshot v1, https://goo.gl/fbAQLP

exports[`deployHandler should deploy a contract 1`] = `
{
  "createdAddress": "0x5FbDB2315678afecb367f032d93F642f64180aa3",
  "createdAddresses":   
Set {
    "0x5FbDB2315678afecb367f032d93F642f64180aa3",
  }
,
  "executionGasUsed": 87131n,
  "gas": 16754684n,
  "logs": [],
  "rawData": "0x608060405234801561000f575f80fd5b5060043610610034575f3560e01c806360fe47b1146100385780636d4ce63c14610054575b5f80fd5b610052600480360381019061004d91906100ba565b610072565b005b61005c61007b565b60405161006991906100f4565b60405180910390f35b805f8190555050565b5f8054905090565b5f80fd5b5f819050919050565b61009981610087565b81146100a3575f80fd5b50565b5f813590506100b481610090565b92915050565b5f602082840312156100cf576100ce610083565b5b5f6100dc848285016100a6565b91505092915050565b6100ee81610087565b82525050565b5f6020820190506101075f8301846100e5565b9291505056fea264697066735822122019e943356c89506511b952171a3b4724d3152e5f4029bbb0ecc836d1365fcce464736f6c63430008160033",
  "selfdestruct":   Set {},
  "txHash": "0xcba00d9e62b11567e58af0ed041c70abe437e9c1c621043a148546e0ff1abad9",
}
`;
