// Bun Snapshot v1, https://goo.gl/fbAQLP

exports[`ImpersonatedTx should impersonated a signed tx 1`] = `
Uint8Array [
  157,
  170,
  99,
  19,
  41,
  61,
  59,
  28,
  44,
  237,
  138,
  45,
  178,
  77,
  231,
  121,
  60,
  7,
  132,
  194,
  115,
  97,
  230,
  210,
  22,
  119,
  226,
  186,
  190,
  131,
  101,
  221,
]
`;

exports[`createImpersonatedTx should impersonated a signed tx 1`] = `
Uint8Array [
  157,
  170,
  99,
  19,
  41,
  61,
  59,
  28,
  44,
  237,
  138,
  45,
  178,
  77,
  231,
  121,
  60,
  7,
  132,
  194,
  115,
  97,
  230,
  210,
  22,
  119,
  226,
  186,
  190,
  131,
  101,
  221,
]
`;
