// Vitest Snapshot v1, https://vitest.dev/guide/snapshot.html

exports[`getAccountProcedure > should handle account not found 1`] = `
{
  "code": -32001,
  "data": {
    "errors": [
      "account 0x6969696969696969696969696969696969696969 not found

Docs: https://tevm.sh/reference/tevm/errors/classes/resourcenotfounderror/
Version: 1.1.0.next-73",
    ],
  },
  "message": "account 0x6969696969696969696969696969696969696969 not found

Docs: https://tevm.sh/reference/tevm/errors/classes/resourcenotfounderror/
Version: 1.1.0.next-73",
}
`;

exports[`getAccountProcedure > should handle errors from getAccountHandler 1`] = `
{
  "code": -32001,
  "data": {
    "errors": [
      "account 0x6969696969696969696969696969696969696969 not found

Docs: https://tevm.sh/reference/tevm/errors/classes/resourcenotfounderror/
Version: 1.1.0.next-73",
    ],
  },
  "message": "account 0x6969696969696969696969696969696969696969 not found

Docs: https://tevm.sh/reference/tevm/errors/classes/resourcenotfounderror/
Version: 1.1.0.next-73",
}
`;

exports[`getAccountProcedure > should return storage if returnStorage is true 1`] = `
{
  "address": "0x6969696969696969696969696969696969696969",
  "balance": "0x1a4",
  "codeHash": "0x56570de287d73cd1cb6092bb8fdee6173974955fdef345ae579ee9f475ea7432",
  "deployedBytecode": "0x1234",
  "isContract": true,
  "isEmpty": false,
  "nonce": "0x45",
  "storage": {
    "0x0000000000000000000000000000000000000000000000000000000000000000": "0x01",
  },
  "storageRoot": "0x56e81f171bcc55a6ff8345e692c0f86e5b48e01b996cadc001622fb5e363b421",
}
`;
