// Vitest Snapshot v1, https://vitest.dev/guide/snapshot.html

exports[`runCallWithFourbyteTrace > should collect 4-byte function selectors from contract calls 1`] = `
{
  "0x1e26fd33-32": 1,
  "0x349a0054-192": 1,
  "0x3fb5c1cb-32": 1,
  "0x7fcaf666-96": 1,
  "0xe30081a0-32": 1,
}
`;
