// Bun Snapshot v1, https://goo.gl/fbAQLP

exports[`runCallWithTrace should execute a contract call with tracing 1`] = `
Uint8Array [
  0,
  0,
  0,
  0,
  0,
  0,
  0,
  0,
  0,
  0,
  0,
  0,
  0,
  0,
  0,
  0,
  0,
  0,
  0,
  0,
  0,
  0,
  0,
  0,
  0,
  0,
  0,
  0,
  0,
  0,
  0,
  0,
]
`;

exports[`runCallWithTrace should execute a contract call with tracing 2`] = `undefined`;

exports[`runCallWithTrace should execute a contract call with tracing 3`] = `Any<BigInt>`;

exports[`runCallWithTrace should execute a contract call with tracing 4`] = `Any<String>`;

exports[`runCallWithTrace should execute a contract call with tracing 5`] = `Any<Array>`;
