// Bun Snapshot v1, https://goo.gl/fbAQLP

exports[`viemPublicActions getBlock should work with blockHash 1`] = `
[
  {
    "accessList": [],
    "blobVersionedHashes": undefined,
    "blockHash": "redacted",
    "blockNumber": 1n,
    "chainId": undefined,
    "data": "0x608060405234801561000f575f80fd5b506040516101ef3803806101ef83398181016040528101906100319190610074565b805f819055505061009f565b5f80fd5b5f819050919050565b61005381610041565b811461005d575f80fd5b50565b5f8151905061006e8161004a565b92915050565b5f602082840312156100895761008861003d565b5b5f61009684828501610060565b91505092915050565b610143806100ac5f395ff3fe608060405234801561000f575f80fd5b5060043610610034575f3560e01c806360fe47b1146100385780636d4ce63c14610054575b5f80fd5b610052600480360381019061004d91906100ba565b610072565b005b61005c61007b565b60405161006991906100f4565b60405180910390f35b805f8190555050565b5f8054905090565b5f80fd5b5f819050919050565b61009981610087565b81146100a3575f80fd5b50565b5f813590506100b481610090565b92915050565b5f602082840312156100cf576100ce610083565b5b5f6100dc848285016100a6565b91505092915050565b6100ee81610087565b82525050565b5f6020820190506101075f8301846100e5565b9291505056fea264697066735822122019e943356c89506511b952171a3b4724d3152e5f4029bbb0ecc836d1365fcce464736f6c6343000816003300000000000000000000000000000000000000000000000000000000000001a4",
    "from": "0xf39fd6e51aad88f6f4ce6ab8827279cfffb92266",
    "gas": 162455n,
    "gasPrice": 7n,
    "hash": "0x2a872fc2c05d90cbbdfbed7a5c831533dc1d02c1be4ab374b7d9c66e9ccec0e8",
    "maxFeePerGas": 7n,
    "maxPriorityFeePerGas": 0n,
    "nonce": 0,
    "to": null,
    "transactionIndex": 0,
    "type": "eip1559",
    "typeHex": "0x2",
    "v": undefined,
    "value": 0n,
    "yParity": undefined,
  },
]
`;

exports[`viemPublicActions getBlock should work with blockHash 2`] = `
{
  "baseFeePerGas": 7n,
  "blobGasUsed": 0n,
  "difficulty": 0n,
  "excessBlobGas": 0n,
  "extraData": "0x",
  "gasLimit": 30000000n,
  "gasUsed": 147721n,
  "logsBloom": "0x00000000000000000000000000000000000000000000000000000000000000000000000000000000000000000000000000000000000000000000000000000000000000000000000000000000000000000000000000000000000000000000000000000000000000000000000000000000000000000000000000000000000000000000000000000000000000000000000000000000000000000000000000000000000000000000000000000000000000000000000000000000000000000000000000000000000000000000000000000000000000000000000000000000000000000000000000000000000000000000000000000000000000000000000000000000",
  "miner": "0x0000000000000000000000000000000000000000",
  "mixHash": "0x0000000000000000000000000000000000000000000000000000000000000000",
  "nonce": "0x0000000000000000",
  "number": 1n,
  "parentBeaconBlockRoot": "0x0000000000000000000000000000000000000000000000000000000000000000",
  "parentHash": "0x63b5bacdb65c8c9d10e77d77d40bda5b4dc010a4f7e02a10bdea21a2b1b0a454",
  "receiptsRoot": "0x73e9175f192532c39999c5b0e2a76d74343438183a65eee75c8b8913a92914a6",
  "requests": undefined,
  "requestsRoot": undefined,
  "sha3Uncles": "0x1dcc4de8dec75d7aab85b567b6ccd41ad312451b948a7413f0a142fd40d49347",
  "size": 2749n,
  "stateRoot": "0xfd597716848d3bd8c7525509bc25b611fde85624b582e1e7aa0dd5ce5d65fd48",
  "totalDifficulty": 0n,
  "transactionsRoot": "0xbf171948bc6a2ef34f1a272f9538e175d5b7a6f2b86b76b94cff5c2900ba8fc5",
  "uncles": [],
  "withdrawals": [],
  "withdrawalsRoot": "0x56e81f171bcc55a6ff8345e692c0f86e5b48e01b996cadc001622fb5e363b421",
}
`;

exports[`viemPublicActions getBlock should work with blocknumber 1`] = `[]`;

exports[`viemPublicActions getBlock should work with blocknumber 2`] = `
{
  "baseFeePerGas": 7n,
  "blobGasUsed": 0n,
  "difficulty": 17179869184n,
  "excessBlobGas": 0n,
  "extraData": "0x11bbe8db4e347b4e8c937c1c8370e4b5ed33adb3db69cbdb7a38e1e50b1b82fa",
  "gasLimit": 30000000n,
  "gasUsed": 0n,
  "logsBloom": "0x00000000000000000000000000000000000000000000000000000000000000000000000000000000000000000000000000000000000000000000000000000000000000000000000000000000000000000000000000000000000000000000000000000000000000000000000000000000000000000000000000000000000000000000000000000000000000000000000000000000000000000000000000000000000000000000000000000000000000000000000000000000000000000000000000000000000000000000000000000000000000000000000000000000000000000000000000000000000000000000000000000000000000000000000000000000",
  "miner": "0x0000000000000000000000000000000000000000",
  "mixHash": "0x0000000000000000000000000000000000000000000000000000000000000000",
  "nonce": "0x0000000000000042",
  "number": 0n,
  "parentBeaconBlockRoot": "0x0000000000000000000000000000000000000000000000000000000000000000",
  "parentHash": "0x0000000000000000000000000000000000000000000000000000000000000000",
  "receiptsRoot": "0x56e81f171bcc55a6ff8345e692c0f86e5b48e01b996cadc001622fb5e363b421",
  "requests": undefined,
  "requestsRoot": undefined,
  "sha3Uncles": "0x1dcc4de8dec75d7aab85b567b6ccd41ad312451b948a7413f0a142fd40d49347",
  "size": 1597n,
  "stateRoot": "0x56e81f171bcc55a6ff8345e692c0f86e5b48e01b996cadc001622fb5e363b421",
  "totalDifficulty": 0n,
  "transactionsRoot": "0x56e81f171bcc55a6ff8345e692c0f86e5b48e01b996cadc001622fb5e363b421",
  "uncles": [],
  "withdrawals": [],
  "withdrawalsRoot": "0x56e81f171bcc55a6ff8345e692c0f86e5b48e01b996cadc001622fb5e363b421",
}
`;

exports[`viemPublicActions getTransaction should work 1`] = `
{
  "accessList": [],
  "blobVersionedHashes": undefined,
  "blockNumber": 1n,
  "chainId": undefined,
  "data": "0x608060405234801561000f575f80fd5b506040516101ef3803806101ef83398181016040528101906100319190610074565b805f819055505061009f565b5f80fd5b5f819050919050565b61005381610041565b811461005d575f80fd5b50565b5f8151905061006e8161004a565b92915050565b5f602082840312156100895761008861003d565b5b5f61009684828501610060565b91505092915050565b610143806100ac5f395ff3fe608060405234801561000f575f80fd5b5060043610610034575f3560e01c806360fe47b1146100385780636d4ce63c14610054575b5f80fd5b610052600480360381019061004d91906100ba565b610072565b005b61005c61007b565b60405161006991906100f4565b60405180910390f35b805f8190555050565b5f8054905090565b5f80fd5b5f819050919050565b61009981610087565b81146100a3575f80fd5b50565b5f813590506100b481610090565b92915050565b5f602082840312156100cf576100ce610083565b5b5f6100dc848285016100a6565b91505092915050565b6100ee81610087565b82525050565b5f6020820190506101075f8301846100e5565b9291505056fea264697066735822122019e943356c89506511b952171a3b4724d3152e5f4029bbb0ecc836d1365fcce464736f6c6343000816003300000000000000000000000000000000000000000000000000000000000001a4",
  "from": "0xf39fd6e51aad88f6f4ce6ab8827279cfffb92266",
  "gas": 162455n,
  "gasPrice": 7n,
  "hash": "0x2a872fc2c05d90cbbdfbed7a5c831533dc1d02c1be4ab374b7d9c66e9ccec0e8",
  "maxFeePerGas": 7n,
  "maxPriorityFeePerGas": 0n,
  "nonce": 0,
  "to": null,
  "transactionIndex": 0,
  "type": "eip1559",
  "typeHex": "0x2",
  "v": undefined,
  "value": 0n,
  "yParity": undefined,
}
`;

exports[`viemPublicActions getTransactionReceipt should work 1`] = `
{
  "blockNumber": 1n,
  "contractAddress": "0x5fbdb2315678afecb367f032d93f642f64180aa3",
  "cumulativeGasUsed": 147721n,
  "effectiveGasPrice": null,
  "from": "0xf39fd6e51aad88f6f4ce6ab8827279cfffb92266",
  "gasUsed": 147721n,
  "logs": [],
  "logsBloom": "0x00000000000000000000000000000000000000000000000000000000000000000000000000000000000000000000000000000000000000000000000000000000000000000000000000000000000000000000000000000000000000000000000000000000000000000000000000000000000000000000000000000000000000000000000000000000000000000000000000000000000000000000000000000000000000000000000000000000000000000000000000000000000000000000000000000000000000000000000000000000000000000000000000000000000000000000000000000000000000000000000000000000000000000000000000000000",
  "status": null,
  "to": "0x",
  "transactionHash": "0x2a872fc2c05d90cbbdfbed7a5c831533dc1d02c1be4ab374b7d9c66e9ccec0e8",
  "transactionIndex": 0,
  "type": null,
}
`;

exports[`viemPublicActions simulateContract should work 1`] = `
{
  "request": {
    "abi": [
      {
        "inputs": [
          {
            "name": "x",
            "type": "uint256",
          },
        ],
        "name": "set",
        "outputs": [],
        "stateMutability": "nonpayable",
        "type": "function",
      },
    ],
    "account": undefined,
    "address": "0x5FbDB2315678afecb367f032d93F642f64180aa3",
    "args": [
      99999n,
    ],
    "bytecode": "0x608060405234801561000f575f80fd5b506040516101ef3803806101ef83398181016040528101906100319190610074565b805f819055505061009f565b5f80fd5b5f819050919050565b61005381610041565b811461005d575f80fd5b50565b5f8151905061006e8161004a565b92915050565b5f602082840312156100895761008861003d565b5b5f61009684828501610060565b91505092915050565b610143806100ac5f395ff3fe608060405234801561000f575f80fd5b5060043610610034575f3560e01c806360fe47b1146100385780636d4ce63c14610054575b5f80fd5b610052600480360381019061004d91906100ba565b610072565b005b61005c61007b565b60405161006991906100f4565b60405180910390f35b805f8190555050565b5f8054905090565b5f80fd5b5f819050919050565b61009981610087565b81146100a3575f80fd5b50565b5f813590506100b481610090565b92915050565b5f602082840312156100cf576100ce610083565b5b5f6100dc848285016100a6565b91505092915050565b6100ee81610087565b82525050565b5f6020820190506101075f8301846100e5565b9291505056fea264697066735822122019e943356c89506511b952171a3b4724d3152e5f4029bbb0ecc836d1365fcce464736f6c63430008160033",
    "dataSuffix": undefined,
    "deployedBytecode": "0x608060405234801561000f575f80fd5b5060043610610034575f3560e01c806360fe47b1146100385780636d4ce63c14610054575b5f80fd5b610052600480360381019061004d91906100ba565b610072565b005b61005c61007b565b60405161006991906100f4565b60405180910390f35b805f8190555050565b5f8054905090565b5f80fd5b5f819050919050565b61009981610087565b81146100a3575f80fd5b50565b5f813590506100b481610090565b92915050565b5f602082840312156100cf576100ce610083565b5b5f6100dc848285016100a6565b91505092915050565b6100ee81610087565b82525050565b5f6020820190506101075f8301846100e5565b9291505056fea264697066735822122019e943356c89506511b952171a3b4724d3152e5f4029bbb0ecc836d1365fcce464736f6c63430008160033",
    "functionName": "set",
    "humanReadableAbi": [
      "function set(uint256 x)",
    ],
    "to": "0x5FbDB2315678afecb367f032d93F642f64180aa3",
  },
  "result": undefined,
}
`;
