// Vitest Snapshot v1, https://vitest.dev/guide/snapshot.html

exports[`tevmDumpState > should dump the state of the TEVM 1`] = `
{
  "state": {
    "0x0000000000000000000000000000000000000000": {
      "balance": 1000000000000000000000n,
      "codeHash": "0x0000000000000000000000000000000000000000000000000000000000000000",
      "nonce": 0n,
      "storage": {},
      "storageRoot": "0x0000000000000000000000000000000000000000000000000000000000000000",
    },
    "0x14dC79964da2C08b23698B3D3cc7Ca32193d9955": {
      "balance": 1000000000000000000000n,
      "codeHash": "0x0000000000000000000000000000000000000000000000000000000000000000",
      "nonce": 0n,
      "storage": {},
      "storageRoot": "0x0000000000000000000000000000000000000000000000000000000000000000",
    },
    "0x15d34AAf54267DB7D7c367839AAf71A00a2C6A65": {
      "balance": 1000000000000000000000n,
      "codeHash": "0x0000000000000000000000000000000000000000000000000000000000000000",
      "nonce": 0n,
      "storage": {},
      "storageRoot": "0x0000000000000000000000000000000000000000000000000000000000000000",
    },
    "0x23618e81E3f5cdF7f54C3d65f7FBc0aBf5B21E8f": {
      "balance": 1000000000000000000000n,
      "codeHash": "0x0000000000000000000000000000000000000000000000000000000000000000",
      "nonce": 0n,
      "storage": {},
      "storageRoot": "0x0000000000000000000000000000000000000000000000000000000000000000",
    },
    "0x3C44CdDdB6a900fa2b585dd299e03d12FA4293BC": {
      "balance": 1000000000000000000000n,
      "codeHash": "0x0000000000000000000000000000000000000000000000000000000000000000",
      "nonce": 0n,
      "storage": {},
      "storageRoot": "0x0000000000000000000000000000000000000000000000000000000000000000",
    },
    "0x70997970C51812dc3A010C7d01b50e0d17dc79C8": {
      "balance": 1000000000000000000000n,
      "codeHash": "0x0000000000000000000000000000000000000000000000000000000000000000",
      "nonce": 0n,
      "storage": {},
      "storageRoot": "0x0000000000000000000000000000000000000000000000000000000000000000",
    },
    "0x90F79bf6EB2c4f870365E785982E1f101E93b906": {
      "balance": 1000000000000000000000n,
      "codeHash": "0x0000000000000000000000000000000000000000000000000000000000000000",
      "nonce": 0n,
      "storage": {},
      "storageRoot": "0x0000000000000000000000000000000000000000000000000000000000000000",
    },
    "0x976EA74026E726554dB657fA54763abd0C3a0aa9": {
      "balance": 1000000000000000000000n,
      "codeHash": "0x0000000000000000000000000000000000000000000000000000000000000000",
      "nonce": 0n,
      "storage": {},
      "storageRoot": "0x0000000000000000000000000000000000000000000000000000000000000000",
    },
    "0x9965507D1a55bcC2695C58ba16FB37d819B0A4dc": {
      "balance": 1000000000000000000000n,
      "codeHash": "0x0000000000000000000000000000000000000000000000000000000000000000",
      "nonce": 0n,
      "storage": {},
      "storageRoot": "0x0000000000000000000000000000000000000000000000000000000000000000",
    },
    "0xa0Ee7A142d267C1f36714E4a8F75612F20a79720": {
      "balance": 1000000000000000000000n,
      "codeHash": "0x0000000000000000000000000000000000000000000000000000000000000000",
      "nonce": 0n,
      "storage": {},
      "storageRoot": "0x0000000000000000000000000000000000000000000000000000000000000000",
    },
    "0xf39Fd6e51aad88F6F4ce6aB8827279cffFb92266": {
      "balance": 1000000000000000000000n,
      "codeHash": "0x0000000000000000000000000000000000000000000000000000000000000000",
      "nonce": 0n,
      "storage": {},
      "storageRoot": "0x0000000000000000000000000000000000000000000000000000000000000000",
    },
  },
}
`;
