// Bun Snapshot v1, https://goo.gl/fbAQLP

exports[`tevmViemExtension runScript should call client.request with "tevm_script" and parse the response 1`] = `
{
  "createdAddresses":   Set {},
  "data": 0n,
  "executionGasUsed": 2447n,
  "gas": 16774768n,
  "logs": [],
  "rawData": "0x0000000000000000000000000000000000000000000000000000000000000000",
  "selfdestruct":   Set {},
}
`;
