// Vitest Snapshot v1, https://vitest.dev/guide/snapshot.html

exports[`createTevmNode > Creates a base client 1`] = `
{
  "createdAddress": Address {
    "bytes": Uint8Array [
      189,
      119,
      4,
      22,
      163,
      52,
      95,
      145,
      228,
      179,
      69,
      118,
      203,
      128,
      74,
      87,
      111,
      164,
      142,
      177,
    ],
  },
  "execResult": {
    "exceptionError": undefined,
    "executionGasUsed": 0n,
    "gasRefund": 0n,
    "returnValue": Uint8Array [],
  },
}
`;

exports[`createTevmNode with State Persister > Restores state correctly from persister 1`] = `Map {}`;
