// Vitest Snapshot v1, https://vitest.dev/guide/snapshot.html

exports[`getBlockNumber > should throw an error when there is an error or blockNumber is undefined 1`] = `
{
  "code": -32000,
  "message": "Unknown error in jsonrpc request",
}
`;
