// Vitest Snapshot v1, https://vitest.dev/guide/snapshot.html

exports[`multicall > should work 1`] = `
[
  {
    "error": [ContractFunctionExecutionError: The contract function "aggregate3" returned no data ("0x").

This could be due to any of the following:
  - The contract does not have the function "aggregate3",
  - The parameters passed to the contract function may be invalid, or
  - The address is not a contract.
 
Contract Call:
  address:   0xcA11bde05977b3631167028862bE2a173976CA11
  function:  aggregate3((address target, bool allowFailure, bytes callData)[])
  args:                ([{"allowFailure":true,"callData":"0x6d4ce63c","target":"0x5FbDB2315678afecb367f032d93F642f64180aa3"},{"allowFailure":true,"callData":"0x6d4ce63c","target":"0x5FbDB2315678afecb367f032d93F642f64180aa3"},{"allowFailure":true,"callData":"0x6d4ce63c","target":"0x5FbDB2315678afecb367f032d93F642f64180aa3"}])

Docs: https://viem.sh/docs/contract/readContract
Version: viem@2.16.2],
    "result": undefined,
    "status": "failure",
  },
  {
    "error": [ContractFunctionExecutionError: The contract function "aggregate3" returned no data ("0x").

This could be due to any of the following:
  - The contract does not have the function "aggregate3",
  - The parameters passed to the contract function may be invalid, or
  - The address is not a contract.
 
Contract Call:
  address:   0xcA11bde05977b3631167028862bE2a173976CA11
  function:  aggregate3((address target, bool allowFailure, bytes callData)[])
  args:                ([{"allowFailure":true,"callData":"0x6d4ce63c","target":"0x5FbDB2315678afecb367f032d93F642f64180aa3"},{"allowFailure":true,"callData":"0x6d4ce63c","target":"0x5FbDB2315678afecb367f032d93F642f64180aa3"},{"allowFailure":true,"callData":"0x6d4ce63c","target":"0x5FbDB2315678afecb367f032d93F642f64180aa3"}])

Docs: https://viem.sh/docs/contract/readContract
Version: viem@2.16.2],
    "result": undefined,
    "status": "failure",
  },
  {
    "error": [ContractFunctionExecutionError: The contract function "aggregate3" returned no data ("0x").

This could be due to any of the following:
  - The contract does not have the function "aggregate3",
  - The parameters passed to the contract function may be invalid, or
  - The address is not a contract.
 
Contract Call:
  address:   0xcA11bde05977b3631167028862bE2a173976CA11
  function:  aggregate3((address target, bool allowFailure, bytes callData)[])
  args:                ([{"allowFailure":true,"callData":"0x6d4ce63c","target":"0x5FbDB2315678afecb367f032d93F642f64180aa3"},{"allowFailure":true,"callData":"0x6d4ce63c","target":"0x5FbDB2315678afecb367f032d93F642f64180aa3"},{"allowFailure":true,"callData":"0x6d4ce63c","target":"0x5FbDB2315678afecb367f032d93F642f64180aa3"}])

Docs: https://viem.sh/docs/contract/readContract
Version: viem@2.16.2],
    "result": undefined,
    "status": "failure",
  },
]
`;
