// Vitest Snapshot v1, https://vitest.dev/guide/snapshot.html

exports[`setRpcUrl > should throw an error 1`] = `
[MethodNotFoundRpcError: The method does not exist / is not available.

Details: UnsupportedMethodError: Unknown method anvil_setRpcUrl

Docs: https://tevm.sh/reference/tevm/errors/classes/methodnotfounderror/
Version: 1.1.0.next-73
Version: viem@2.16.2]
`;
