// Vitest Snapshot v1, https://vitest.dev/guide/snapshot.html

exports[`watchBlocks > should work 1`] = `
{
  "baseFeePerGas": 7n,
  "blobGasUsed": 0n,
  "difficulty": 0n,
  "excessBlobGas": 0n,
  "extraData": "0x",
  "gasLimit": 30000000n,
  "gasUsed": 0n,
  "hash": "0xredacted",
  "logsBloom": "0x00000000000000000000000000000000000000000000000000000000000000000000000000000000000000000000000000000000000000000000000000000000000000000000000000000000000000000000000000000000000000000000000000000000000000000000000000000000000000000000000000000000000000000000000000000000000000000000000000000000000000000000000000000000000000000000000000000000000000000000000000000000000000000000000000000000000000000000000000000000000000000000000000000000000000000000000000000000000000000000000000000000000000000000000000000000",
  "miner": "0x0000000000000000000000000000000000000000",
  "mixHash": "0x0000000000000000000000000000000000000000000000000000000000000000",
  "nonce": "0x0000000000000000",
  "number": 2n,
  "parentBeaconBlockRoot": "0x0000000000000000000000000000000000000000000000000000000000000000",
  "parentHash": "0xredacted",
  "receiptsRoot": "0x56e81f171bcc55a6ff8345e692c0f86e5b48e01b996cadc001622fb5e363b421",
  "requests": undefined,
  "requestsRoot": undefined,
  "sha3Uncles": "0x1dcc4de8dec75d7aab85b567b6ccd41ad312451b948a7413f0a142fd40d49347",
  "size": 1532n,
  "stateRoot": "0xredacted",
  "timestamp": 69n,
  "totalDifficulty": 0n,
  "transactions": [],
  "transactionsRoot": "0x56e81f171bcc55a6ff8345e692c0f86e5b48e01b996cadc001622fb5e363b421",
  "uncles": [],
  "withdrawals": [],
  "withdrawalsRoot": "0x56e81f171bcc55a6ff8345e692c0f86e5b48e01b996cadc001622fb5e363b421",
}
`;
